1: }
2:     }
3:         gc.run();
4:         gc.addEvent(new GreenhouseControls.Terminate(delay));
5:         gc.addEvent(gc.new Restart(2000L * 1000000, eventArray));
6:         Event[] eventArray = events.toArray(new Event[0]);
7:         //zamiana kontenera eventów na array eventów, aby można było uruchomić z metodą Restart()
8:         }
9:             }
10:                     println("nieznany event: " + eventName);
11:                 default:
12:                     break;
13:                     events.add(gc.new ThermostatNight(eventTime));
14:                 case "ThermostatNight":
15:                     break;
16:                     events.add(gc.new ThermostatDay(eventTime));
17:                 case "ThermostatDay":
18:                     break;
19:                     events.add(gc.new WaterOff(eventTime));
20:                 case "WaterOff":
21:                     break;
22:                     events.add(gc.new WaterOn(eventTime));
23:                 case "WaterOn":
24:                     break;
25:                     events.add(gc.new LightOff(eventTime));
26:                 case "LightOff":
27:                     break;
28:                     events.add(gc.new LightOn(eventTime));
29:                 case "LightOn":
30:                     break;
31:                     events.add(gc.new Bell(eventTime));
32:                 case "BELL":
33:             switch(eventName) {
34:             //dla każdej linii z pliku sprawdzana jest nazwa eventu, która tworzy odpowiedni obiekt klasy Event
35:             long eventTime = Long.parseLong(parts[1]) * 1000000;
36:             //dlatego mnożenie przez 1000000
37:             // czas w pliku event.txt jest podany w milisekundach, a Event używa System.nanoTime()
38:             String eventName = parts[0];
39:             String[] parts = line.split("\\s+");
40:             //podzielenie listy line na osobne wyrazy
41:         for (String line : read(args[0])) {
42:         List<Event> events = new ArrayList<Event>();
43:         //lista eventów
44:         }
45:             return;
46:             println("USAGE: java Zad18_11 filename");
47:         if (args.length <= 0) {
48:         GreenhouseControls gc = new GreenhouseControls();
49:         long delay = 12000L * 1000000;
50:     public static void main(String[] args) throws IOException {
51: 
52:     }
53:         return zz;
54:         in.close();
55:             zz.add(s);
56:             //dodaje każdą linię z pliku do listy
57:         while ((s = in.readLine()) != null)
58:         LinkedList<String> zz = new LinkedList<>();
59:         String s;
60:         BufferedReader in = new BufferedReader(new FileReader(filename));
61:         // Reading input by lines:
62:     public static LinkedList<String> read(String filename) throws IOException {
63: public class Zad18_11 {
64: }
65:     }
66:         public String toString() { return "Terminating";  }
67:         public void action() { System.exit(0); }
68:         public Terminate(long delayTime) { super(delayTime); }
69:     public static class Terminate extends Event {
70:     }
71:         }
72:             return "Restarting system";
73:         public String toString() {
74: 
75:         }
76:             addEvent(this);
77:             start(); // Rerun this Event
78:             }
79:                 addEvent(e);
80:                 e.start(); // Rerun each event
81:             for (Event e : eventList) {
82:         public void action() {
83: 
84:         }
85:                 addEvent(e);
86:             for (Event e : eventList)
87:             this.eventList = eventList;
88:             super(delayTime);
89:         public Restart(long delayTime, Event[] eventList) {
90: 
91:         private Event[] eventList;
92:     class Restart extends Event {
93:     }
94:         public String toString() { return "Bing!"; }
95:         }
96:             addEvent(new Bell(delayTime));
97:         public void action() {
98:         public Bell(long delayTime) { super(delayTime); }
99:     public class Bell extends Event {
100:     // new one of itself into the event list:
101:     // An example of an action() that inserts a
102:     }
103:         }
104:             return "Thermostat on day setting";
105:         public String toString() {
106:         }
107:             thermostat = "Day";
108:             // Put hardware control code here.
109:         public void action() {
110:         }
111:             super(delayTime);
112:         public ThermostatDay(long delayTime) {
113:     public class ThermostatDay extends Event {
114:     }
115:         }
116:             return "Thermostat on night setting";
117:         public String toString() {
118:         }
119:             thermostat = "Night";
120:             // Put hardware control code here.
121:         public void action() {
122:         }
123:             super(delayTime);
124:         public ThermostatNight(long delayTime) {
125:     public class ThermostatNight extends Event {
126:     private String thermostat = "Day";
127:     }
128:         }
129:             return "Greenhouse water is off";
130:         public String toString() {
131:         }
132:             water = false;
133:             // Put hardware control code here.
134:         public void action() {
135:         public WaterOff(long delayTime) { super(delayTime); }
136:     public class WaterOff extends Event {
137:     }
138:         }
139:             return "Greenhouse water is on";
140:         public String toString() {
141:         }
142:             water = true;
143:             // Put hardware control code here.
144:         public void action() {
145:         public WaterOn(long delayTime) { super(delayTime); }
146:     public class WaterOn extends Event {
147:     private boolean water = false;
148:     }
149:         public String toString() { return "Light is off"; }
150:         }
151:             light = false;
152:             // physically turn off the light.
153:             // Put hardware control code here to
154:         public void action() {
155:         public LightOff(long delayTime) { super(delayTime); }
156:     public class LightOff extends Event {
157:     }
158:         public String toString() { return "Light is on"; }
159:         }
160:             light = true;
161:             // physically turn on the light.
162:             // Put hardware control code here to
163:         public void action() {
164:         public LightOn(long delayTime) { super(delayTime); }
165:     public class LightOn extends Event {
166:     private boolean light = false;
167: class GreenhouseControls extends Controller {
168: }
169:     }
170:                 }
171:                     eventList.remove(e);
172:                     e.action();
173:                     System.out.println(e);
174:                 if(e.ready()) {
175:             for(Event e : new ArrayList<Event>(eventList))
176:             // while you're selecting the elements in it:
177:             // Make a copy so you're not modifying the list
178:         while(eventList.size() > 0)
179:     public void run() {
180:     public void addEvent(Event c) { eventList.add(c); }
181:     private List<Event> eventList = new ArrayList<Event>();
182:     // A class from java.util to hold Event objects:
183: class Controller {
184: }
185:     public abstract void action();
186:     }
187:         return System.nanoTime() >= eventTime;
188:     public boolean ready() {
189:     }
190:         eventTime = System.nanoTime() + delayTime;
191:     public void start() { // Allows restarting
192:     }
193:         start();
194:         this.delayTime = delayTime;
195:     public Event(long delayTime) {
196:     protected final long delayTime;
197:     private String name;
198:     private long eventTime;
199: abstract class Event {
200: 
201: */
202: www.MindView.net.)
203: Method design pattern to build the events—see Thinking in Patterns (with Java) at
204: reads the events and their relative times from a text file, ((difficulty level 8): Use a Factory
205: GreenhouseController contains a hard-coded set of events. Change the program so that it
206: Exercise 11: (2) In the innerclasses/GreenhouseController.java example,
207: /*
208: 
209: import static myutils.Skrocenie_Print.println;
210: import java.util.List;
211: import java.util.LinkedList;
212: import java.util.ArrayList;
213: import java.io.IOException;
214: import java.io.FileReader;
215: import java.io.BufferedReader;
